%!Adobe-FontList 1.23
%Locale:0x409

%BeginFont
Handler:DirectoryHandler
FontType:Invalid
OutlineFileName:/Users/ml5-jackson/Library/Mobile Documents/com~apple~CloudDocs/Desktop/GWDS 22_23/21-22-GWDS-HTML-Weekly-PDF-Worksheets-/GWDS 21_22_SEMESTER 2/typography worksheet/Document fonts/.AdobeFnt22.lst.icloud
FileLength:162
FileModTime:635619510
%EndFont

%BeginFont
Handler:DirectoryHandler
FontType:Invalid
OutlineFileName:/Users/ml5-jackson/Library/Mobile Documents/com~apple~CloudDocs/Desktop/GWDS 22_23/21-22-GWDS-HTML-Weekly-PDF-Worksheets-/GWDS 21_22_SEMESTER 2/typography worksheet/Document fonts/.Avenir.ttc.icloud
FileLength:160
FileModTime:635619510
%EndFont

%BeginFont
Handler:DirectoryHandler
FontType:Invalid
OutlineFileName:/Users/ml5-jackson/Library/Mobile Documents/com~apple~CloudDocs/Desktop/GWDS 22_23/21-22-GWDS-HTML-Weekly-PDF-Worksheets-/GWDS 21_22_SEMESTER 2/typography worksheet/Document fonts/.Baskerville.ttc.icloud
FileLength:167
FileModTime:635619510
%EndFont

%BeginFont
Handler:DirectoryHandler
FontType:Invalid
OutlineFileName:/Users/ml5-jackson/Library/Mobile Documents/com~apple~CloudDocs/Desktop/GWDS 22_23/21-22-GWDS-HTML-Weekly-PDF-Worksheets-/GWDS 21_22_SEMESTER 2/typography worksheet/Document fonts/.Bodoni 72 OS.ttc.icloud
FileLength:168
FileModTime:635619510
%EndFont

%BeginFont
Handler:DirectoryHandler
FontType:Invalid
OutlineFileName:/Users/ml5-jackson/Library/Mobile Documents/com~apple~CloudDocs/Desktop/GWDS 22_23/21-22-GWDS-HTML-Weekly-PDF-Worksheets-/GWDS 21_22_SEMESTER 2/typography worksheet/Document fonts/.Bodoni 72.ttc.icloud
FileLength:163
FileModTime:635619510
%EndFont

%BeginFont
Handler:DirectoryHandler
FontType:Invalid
OutlineFileName:/Users/ml5-jackson/Library/Mobile Documents/com~apple~CloudDocs/Desktop/GWDS 22_23/21-22-GWDS-HTML-Weekly-PDF-Worksheets-/GWDS 21_22_SEMESTER 2/typography worksheet/Document fonts/.Futura.ttc.icloud
FileLength:160
FileModTime:635619510
%EndFont

%BeginFont
Handler:DirectoryHandler
FontType:Invalid
OutlineFileName:/Users/ml5-jackson/Library/Mobile Documents/com~apple~CloudDocs/Desktop/GWDS 22_23/21-22-GWDS-HTML-Weekly-PDF-Worksheets-/GWDS 21_22_SEMESTER 2/typography worksheet/Document fonts/.GillSans.ttc.icloud
FileLength:162
FileModTime:635619510
%EndFont

%BeginFont
Handler:DirectoryHandler
FontType:Invalid
OutlineFileName:/Users/ml5-jackson/Library/Mobile Documents/com~apple~CloudDocs/Desktop/GWDS 22_23/21-22-GWDS-HTML-Weekly-PDF-Worksheets-/GWDS 21_22_SEMESTER 2/typography worksheet/Document fonts/.HelveticaNeue.ttc.icloud
FileLength:169
FileModTime:635619510
%EndFont

%BeginFont
Handler:DirectoryHandler
FontType:Invalid
OutlineFileName:/Users/ml5-jackson/Library/Mobile Documents/com~apple~CloudDocs/Desktop/GWDS 22_23/21-22-GWDS-HTML-Weekly-PDF-Worksheets-/GWDS 21_22_SEMESTER 2/typography worksheet/Document fonts/.Times New Roman Bold.ttf.icloud
FileLength:176
FileModTime:635619510
%EndFont

%BeginFont
Handler:DirectoryHandler
FontType:Invalid
OutlineFileName:/Users/ml5-jackson/Library/Mobile Documents/com~apple~CloudDocs/Desktop/GWDS 22_23/21-22-GWDS-HTML-Weekly-PDF-Worksheets-/GWDS 21_22_SEMESTER 2/typography worksheet/Document fonts/.Times New Roman.ttf.icloud
FileLength:171
FileModTime:635619510
%EndFont

%BeginFont
Handler:DirectoryHandler
FontType:Invalid
OutlineFileName:/Users/ml5-jackson/Library/Mobile Documents/com~apple~CloudDocs/Desktop/GWDS 22_23/21-22-GWDS-HTML-Weekly-PDF-Worksheets-/GWDS 21_22_SEMESTER 2/typography worksheet/Document fonts/AdobeFnt23.lst
FileLength:3237
FileModTime:699655827
%EndFont

